// Jest Snapshot v1, https://goo.gl/fbAQLP

exports[`<TextInput/> component should render 1`] = `
<div>
  <div
    class="textInput"
  >
    <input
      name="artist"
      type="text"
    />
  </div>
</div>
`;
