// Jest Snapshot v1, https://goo.gl/fbAQLP

exports[`<FileUpload/> component should render 1`] = `
<div>
  <div
    class="fileUpload"
  >
    <button
      class="button basic"
      type="button"
    >
      <input
        type="file"
      />
      <div />
    </button>
  </div>
</div>
`;
