// Jest Snapshot v1, https://goo.gl/fbAQLP

exports[`<SearchResult/> component should render 1`] = `
<div>
  <div
    class="searchResult"
  />
</div>
`;
