// Jest Snapshot v1, https://goo.gl/fbAQLP

exports[`<Button/> component should render 1`] = `
<div>
  <button
    class="button text"
    type="button"
  />
</div>
`;
