// Jest Snapshot v1, https://goo.gl/fbAQLP

exports[`<Library/> component should render 1`] = `
<div>
  <div
    class="library"
  >
    Library
    <pre>
      []
    </pre>
  </div>
</div>
`;
