// Jest Snapshot v1, https://goo.gl/fbAQLP

exports[`<AlbumView/> component should render 1`] = `
<div>
  <div
    class="albumView"
  >
    <div
      class="header"
    >
      <button
        class="button text"
        type="button"
      >
        <svg
          aria-labelledby="fqsi-ant-right-title"
          class="left"
          id="si-ant-right"
          viewBox="0 0 574 1024"
        >
          <path
            d="M10 9Q0 19 0 32t10 23l482 457L10 969Q0 979 0 992t10 23q10 9 24 9t24-9l506-480q10-10 10-23t-10-23L58 9Q48 0 34 0T10 9z"
          />
        </svg>
      </button>
      <div
        class="right"
      >
        <button
          class="button icon"
          type="button"
        >
          <svg
            fill="white"
            height="18px"
            viewBox="0 0 24 24"
            width="18px"
            xmlns="http://www.w3.org/2000/svg"
          >
            <path
              d="M0 0h24v24H0z"
              fill="none"
            />
            <path
              d="M16.5 3c-1.74 0-3.41.81-4.5 2.09C10.91 3.81 9.24 3 7.5 3 4.42 3 2 5.42 2 8.5c0 3.78 3.4 6.86 8.55 11.54L12 21.35l1.45-1.32C18.6 15.36 22 12.28 22 8.5 22 5.42 19.58 3 16.5 3zm-4.4 15.55l-.1.1-.1-.1C7.14 14.24 4 11.39 4 8.5 4 6.5 5.5 5 7.5 5c1.54 0 3.04.99 3.57 2.36h1.87C13.46 5.99 14.96 5 16.5 5c2 0 3.5 1.5 3.5 3.5 0 2.89-3.14 5.74-7.9 10.05z"
            />
          </svg>
        </button>
        <button
          class="button icon"
          type="button"
        >
          <svg
            height="24"
            viewBox="0 0 24 24"
            width="24"
            xmlns="http://www.w3.org/2000/svg"
          >
            <path
              d="M0 0h24v24H0z"
              fill="none"
            />
            <path
              d="M0 0h24v24H0V0z"
              fill="none"
            />
            <path
              d="M6 19c0 1.1.9 2 2 2h8c1.1 0 2-.9 2-2V7H6v12zm2.46-7.12l1.41-1.41L12 12.59l2.12-2.12 1.41 1.41L13.41 14l2.12 2.12-1.41 1.41L12 15.41l-2.12 2.12-1.41-1.41L10.59 14l-2.13-2.12zM15.5 4l-1-1h-5l-1 1H5v2h14V4z"
              fill="white"
            />
          </svg>
        </button>
      </div>
    </div>
    <div
      class="artWrapper"
    >
      <div
        class="art"
      >
        <div
          class="artMissing"
          draggable="false"
        >
          Testing
        </div>
      </div>
    </div>
    <div
      class="info"
    >
      <div
        class="main"
      >
        <div
          class="left"
        >
          <div
            class="album"
          />
          <div
            class="artist"
          />
        </div>
        <div
          class="right"
        />
      </div>
    </div>
  </div>
</div>
`;
