// Jest Snapshot v1, https://goo.gl/fbAQLP

exports[`<NavFooter/> component should render 1`] = `
<div>
  <div
    class="navFooter"
  >
    <div
      class="btns"
    >
      <button
        class="button fullWidth"
        type="button"
      >
        <div
          class="content"
        >
          <svg
            height="24"
            viewBox="0 0 512 512"
            width="24"
            xmlns="http://www.w3.org/2000/svg"
          >
            <path
              d="M448 463.746h-149.333v-149.333h-85.334v149.333h-149.333v-315.428l192-111.746 192 110.984v316.19z"
              fill="currentColor"
            />
          </svg>
          <div>
            Home
          </div>
        </div>
      </button>
      <button
        class="button fullWidth"
        type="button"
      >
        <div
          class="content"
        >
          <svg
            height="24"
            viewBox="0 0 24 24"
            width="24"
            xmlns="http://www.w3.org/2000/svg"
          >
            <path
              d="M24 10 h-10 v-10 h-2 v10 h-10 v2 h10 v10 h2 v-10 h10 z"
              fill="white"
            />
          </svg>
          <div>
            Add Album
          </div>
        </div>
      </button>
      <button
        class="button fullWidth"
        type="button"
      >
        <div
          class="content"
        >
          <svg
            height="24"
            viewBox="0 0 512 512"
            width="24"
            xmlns="http://www.w3.org/2000/svg"
          >
            <path
              d="M291.301 81.778l166.349 373.587-19.301 8.635-166.349-373.587zM64 463.746v-384h21.334v384h-21.334zM192 463.746v-384h21.334v384h-21.334z"
              fill="currentColor"
            />
          </svg>
          <div>
            Library
          </div>
        </div>
      </button>
    </div>
  </div>
</div>
`;
