// Jest Snapshot v1, https://goo.gl/fbAQLP

exports[`<EditAlbum/> component should render 1`] = `
<div>
  <div
    class="editAlbum"
  >
    <div
      class="header"
    >
      <button
        class="button text"
        type="button"
      >
        <svg
          aria-labelledby="fqsi-ant-right-title"
          class="left"
          id="si-ant-right"
          viewBox="0 0 574 1024"
        >
          <path
            d="M10 9Q0 19 0 32t10 23l482 457L10 969Q0 979 0 992t10 23q10 9 24 9t24-9l506-480q10-10 10-23t-10-23L58 9Q48 0 34 0T10 9z"
          />
        </svg>
        <span>
          Back
        </span>
      </button>
      <span>
        Add New Album
      </span>
      <button
        class="button text"
        type="button"
      >
        Save
        <svg
          aria-labelledby="fqsi-ant-right-title"
          class="right"
          id="si-ant-right"
          viewBox="0 0 574 1024"
        >
          <path
            d="M10 9Q0 19 0 32t10 23l482 457L10 969Q0 979 0 992t10 23q10 9 24 9t24-9l506-480q10-10 10-23t-10-23L58 9Q48 0 34 0T10 9z"
          />
        </svg>
      </button>
    </div>
    <form>
      <div
        class="artInfo"
      >
        <div
          class="art"
        >
          <div
            class="artText"
          >
            Album Art
          </div>
          <div
            class="fileUpload"
          >
            <button
              class="button basic"
              type="button"
            >
              <input
                type="file"
              />
              <div
                class="artImage"
              />
              <div
                class="artPlus"
              >
                <svg
                  height="24"
                  viewBox="0 0 24 24"
                  width="24"
                  xmlns="http://www.w3.org/2000/svg"
                >
                  <path
                    d="M24 10 h-10 v-10 h-2 v10 h-10 v2 h10 v10 h2 v-10 h10 z"
                    fill="white"
                  />
                </svg>
              </div>
            </button>
          </div>
        </div>
        <div
          class="info"
        >
          <div
            class="textInput"
          >
            <div
              class="label"
            >
              Artist
               *
            </div>
            <input
              class=""
              maxlength="50"
              name="artist"
              required=""
              type="text"
            />
            <div
              class="counter"
            >
              0
               / 
              50
            </div>
          </div>
          <div
            class="textInput"
          >
            <div
              class="label"
            >
              Album
               *
            </div>
            <input
              class=""
              maxlength="50"
              name="album"
              required=""
              type="text"
            />
            <div
              class="counter"
            >
              0
               / 
              50
            </div>
          </div>
        </div>
      </div>
      <div
        class="textInput"
      >
        <div
          class="label"
        >
          Genre
        </div>
        <input
          class=""
          maxlength="20"
          name="genre"
          type="text"
        />
        <div
          class="counter"
        >
          0
           / 
          20
        </div>
      </div>
      <div
        class="otherInfo"
      >
        <div
          class="textInput"
        >
          <div
            class="label"
          >
            Year
          </div>
          <input
            class=""
            maxlength="4"
            name="year"
            type="text"
          />
          <div
            class="counter"
          >
            0
             / 
            4
          </div>
        </div>
        <div
          class="textInput"
        >
          <div
            class="label"
          >
            Shelf
          </div>
          <input
            class=""
            maxlength="10"
            name="shelf"
            type="text"
          />
          <div
            class="counter"
          >
            0
             / 
            10
          </div>
        </div>
      </div>
      <div
        class="textArea"
      >
        <div
          class="label"
        >
          Comments
        </div>
        <textarea
          maxlength="2000"
          name="comments"
        />
        <div
          class="counter"
        >
          0
           / 
          2000
        </div>
      </div>
    </form>
  </div>
</div>
`;
